Scanning changes: main → HEAD


Agent guidance
  - Treat React Doctor diagnostics as starting hypotheses. Read the relevant code before confirming or suppressing each finding.
  - For each group, decide true positive, false positive, or needs-human-review, then assign high/medium/low confidence.
  - Do not suppress a finding without evidence from the file in question. Confidence requires code context.
  - Understand the root cause before editing. Fix the underlying code instead of changing react-doctor config or suppressing rules unless explicitly asked.
  - Investigate deeply where relevant: race conditions, security-sensitive flows, state propagation, multi-file refactors, and downstream dependency chains.
  - Ignore pure style preferences, theoretical issues without real impact, missing features, and unrelated pre-existing code.
  - Start with high-confidence fixes that preserve behavior. Leave low-confidence or product-dependent changes as notes.
  - Run `npx react-doctor@latest --verbose --scope changed` before and after changes, plus relevant tests after each focused batch.
  - When available, spawn subagents or isolated worktrees for independent rule families, then review and merge only the best safe fixes.
  - Split unrelated, broad, or behavior-changing work into separate PRs/branches instead of one large cleanup.
  - When one rule spans dozens of files (a migration-scale change), fix a representative sample first, confirm the recipe holds, and get the code owner's sign-off before changing the rest. Don't mass-fix a broad pattern in one unreviewed pass.
  - For confirmed issues that cannot be fixed now, create GitHub issues with the rule, file/line, confidence, impact, and proposed fix.
  - If a fix needs an API, UX, or architecture decision, stop and ask before editing.

✔ Scanned 4 files in 5.4s

React Doctor — @streamfusion/mobile
Score: 91 / 100 Great

3 issues
Maintainability: 3 warnings

⚠ React function has high control-flow complexity ×2
  react-doctor/no-high-complexity-react-function
  src/features/shell/components/app-shell.tsx:237
  src/features/watch/components/player-controls.tsx:39
⚠ Large component is hard to read and change
  react-doctor/no-giant-component
  src/features/watch/components/player-controls.tsx:39
  Full diagnostics written to C:\Users\Admin\AppData\Local\Temp\react-doctor-7f9219c0-e3ec-4b99-a43c-7541636235d9

  ────────────────────────────────────────────────────────────

  Share: https://react.doctor/share?p=%40streamfusion%2Fmobile&s=91&w=3&f=2
  Tell others how you did on socials

  Docs: https://react.doctor/docs
  Learn more about fixing issues, setting up CI/CD, and
  configuring rules with a config file

  GitHub: https://github.com/millionco/react-doctor
  Report issues and star the repository!
